ledger 1 Found Hampi Trip Planner with my words | {'org': 'dref-63cbcca4211b720b', 'root': 'dref-b3f0f94351f25825', 'created': True, 'asked': 'q-19d10773'}
ledger 2 waited for Root | {'turns': ['A website for people visiting Hampi: what to see, when to go, how to reach it, where to stay, all taken from the interne', 'filed as a request; a ne
ledger 3 Stamp | setup
ledger 4 looked at the tree | {'child': 'Hampi Trip Planner Website', 'kind': 'organic', 'engines': [], 'artifacts': ['Brief']}
ledger 5 read a turn | {'src': 'Identity', 'word': 'request', 'line': 'filed in the Brief'}
ledger 6 read a turn | {'src': 'Identity', 'word': 'line', 'line': 'Adaptation is shaping the engines your words need; you will be asked to stamp the line before anything runs.'}
ledger 7 read a turn | {'src': 'Identity', 'word': 'line', 'line': 'Set up the line Scout -> Vetting -> Layout -> Launch? Scout Reads the Brief and searches the web for what Hampi vis
ledger 8 Stamp | {'kind': 'line', 'engine': 'Adaptation', 'text': 'Set up the line Scout -> Vetting -> Layout -> Launch? Scout Reads the Brief and searches the web for what Hamp
ledger 9 read a turn | {'src': 'Identity', 'word': 'line', 'line': 'Added the line Scout -> Vetting -> Layout -> Launch; the first starts on your words now.'}
ledger 10 read a turn | {'src': 'Identity', 'word': 'filed', 'line': 'Facts v1 is filed.'}
ledger 11 read a turn | {'src': 'Identity', 'word': 'filed', 'line': 'Vetted Facts v1 is filed.'}
ledger 12 read a turn | {'src': 'Identity', 'word': 'filed', 'line': 'Pages v1 is filed.'}
ledger 13 read a turn | {'src': 'Identity', 'word': 'publish', 'line': "say whether the site may go live for the first time, and where it is served from: this app's own server unless y
ledger 14 Stamp | {'kind': 'publish', 'engine': 'Launch', 'text': "Launch: go live for the first time, served from this app's own server unless you say where else"}
ledger 15 read a turn | {'src': 'Identity', 'word': 'live', 'line': 'Live site v1 is live.'}
ledger 16 looked for the live site | {'live': True, 'engines': ['Scout', 'Vetting', 'Layout', 'Launch'], 'versions': {'Brief': 1, 'Facts': 1, 'Vetted Facts': 1, 'Pages': 1, 'Live site': 1}}
ledger 17 Send: Which source did you use for the opening hours? | sent
ledger 18 read the answer | {'pass': True, 'answer': "The record does not say which source was used for opening hours. The filed Live site v1 text I was given shows only Holidify as the so
ledger 19 Send: Never quote a price without its date. | sent
ledger 20 Stamp | A rule, as understood: Never quote a price without stating the date it was current.
ledger 21 read the rules | {'pass': True, 'rules': ['Work inside the record', 'Ask the owner before anything reaches outside', 'Never quote a price without stating the date it was current
ledger 22 Send: Add a page on the food to try there. | sent
ledger 23 read the runs | {'pass': False, 'ran': [('Launch', 'ok'), ('Layout', 'ok')], 'live_versions': 1, 'asks': []}
ledger 24 Send: Add a short page on local food safety tips. | sent
ledger 25 Stop | stopped
ledger 26 Start | started
ledger 27 read the chat | {'pass': True, 'words': ['request', 'request', 'filed', 'filed', 'filed', 'request', 'stopped', 'started']}
SUMMARY {"root": "dref-b3f0f94351f25825", "child": {"ref": "dref-35d132206634bbf5", "name": "Hampi Trip Planner Website", "stopped": false, "kind": "organic", "parent": "dref-b3f0f94351f25825", "working": ["Identity"]}, "kind": "organic", "variances": {"a-question": {"pass": true, "answer": "The record does not say which source was used for opening hours. The filed Live site v1 text I was given shows only Holidify as the source on the 'How to reach' page, plus Karnataka Tourism and Wikipedia on the 'What to see' page, and Yatra", "new_versions": 0}, "a-rule": {"pass": true, "rules": ["Work inside the record", "Ask the owner before anything reaches outside", "Never quote a price without stating the date it was current."]}, "add-a-page": {"pass": false, "ran": [["Launch", "ok"], ["Layout", "ok"]], "live_versions": 1, "asks": []}, "stop-mid-run": {"pass": true, "words": ["request", "request", "filed", "filed", "filed", "request", "stopped", "started"]}}, "engines": [["Scout", "Brief", "Facts", "model"], ["Vetting", "Facts", "Vetted Facts", "model"], ["Layout", "Vetted Facts", "Pages", "model"], ["Launch", "Pages", "Live site", "model"]], "artifacts": {"Brief": 3, "Facts": 2, "Vetted Facts": 2, "Pages": 2, "Live site": 1}, "live": true, "recent": [["Identity", "ok", "started by the owner: every engine looks to its own triggers"], ["Identity", "ok", "stopped by the owner: every engine stops"], ["Identity", "running", "Judge it against the goal"], ["Coordination", "ok", "closed a thread at
exit 0
