ledger 1 Found Hampi Guide with my words | {'org': 'dref-f5b927c4a4e5dcb4', 'root': 'dref-04cfbc3d88b20678', 'created': True, 'asked': 'q-0dcad31a'}
ledger 2 waited for Root | {'turns': ['A website for people visiting Hampi: what to see, when to go, how to reach it, where to stay, all taken from the interne', 'filed as a request; a ne
ledger 3 Stamp | setup
ledger 4 looked at the tree | {'child': 'Hampi Guide Website', 'kind': 'organic', 'engines': [], 'artifacts': ['Brief']}
ledger 5 read a turn | {'src': 'Identity', 'word': 'request', 'line': 'filed in the Brief'}
ledger 6 read a turn | {'src': 'Identity', 'word': 'line', 'line': 'Adaptation is shaping the engines your words need; you will be asked to stamp the line before anything runs.'}
ledger 7 read a turn | {'src': 'Identity', 'word': 'line', 'line': 'Set up the line Scout -> Extract -> Compose -> Launch? Scout Reads the Brief and works out what a Hampi visitor nee
ledger 8 Stamp | {'kind': 'line', 'engine': 'Adaptation', 'text': 'Set up the line Scout -> Extract -> Compose -> Launch? Scout Reads the Brief and works out what a Hampi visito
ledger 9 read a turn | {'src': 'Identity', 'word': 'line', 'line': 'Added the line Scout -> Extract -> Compose -> Launch; the first starts on your words now.'}
ledger 10 read a turn | {'src': 'Identity', 'word': 'filed', 'line': 'Sources v1 is filed.'}
ledger 11 read a turn | {'src': 'Identity', 'word': 'filed', 'line': 'Facts v1 is filed.'}
ledger 12 read a turn | {'src': 'Identity', 'word': 'filed', 'line': 'Pages v1 is filed.'}
ledger 13 read a turn | {'src': 'Identity', 'word': 'publish', 'line': "say whether the site may go live for the first time, and where it is served from: this app's own server unless y
ledger 14 Stamp | {'kind': 'publish', 'engine': 'Launch', 'text': "Launch: go live for the first time, served from this app's own server unless you say where else"}
ledger 15 read a turn | {'src': 'Identity', 'word': 'live', 'line': 'Live site v1 is live.'}
ledger 16 looked for the live site | {'live': True, 'engines': ['Scout', 'Extract', 'Compose', 'Launch'], 'versions': {'Brief': 1, 'Sources': 1, 'Facts': 1, 'Pages': 1, 'Live site': 1}}
ledger 17 Send: Which source did you use for the opening hours? | sent
ledger 18 read the answer | {'pass': True, 'answer': "No source was used for opening hours. The record says they were not found. The 'Not sure' section of the live site says: 'Not found: o
ledger 19 Send: Never quote a price without its date. | sent
ledger 20 Stamp | A rule, as understood: Never quote a price without its date.
ledger 21 read the rules | {'pass': True, 'rules': ['Work inside the record', 'Ask the owner before anything reaches outside', 'Never quote a price without its date.']}
ledger 22 Send: Add a page on the food to try there. | sent
ledger 23 read the runs | {'pass': True, 'ran': [('Launch', 'ok'), ('Compose', 'ok')], 'live_versions': 2, 'asks': [('finding', 'Audit found: Monsoon is given as June to August, and the 
ledger 24 Send: Add a short page on local food safety tips. | sent
ledger 25 Stop | stopped
ledger 26 Start | started
ledger 27 read the chat | {'pass': True, 'words': ['request', 'filed', 'filed', 'filed', 'live', 'request', 'stopped', 'started']}
SUMMARY {"root": "dref-04cfbc3d88b20678", "child": {"ref": "dref-7360b25a46ff51a8", "name": "Hampi Guide Website", "stopped": false, "kind": "organic", "parent": "dref-04cfbc3d88b20678", "working": ["Identity"]}, "kind": "organic", "variances": {"a-question": {"pass": true, "answer": "No source was used for opening hours. The record says they were not found. The 'Not sure' section of the live site says: 'Not found: opening hours of the sights, the current train timetable, and the current ticket price for Indian nationals", "new_versions": 0}, "a-rule": {"pass": true, "rules": ["Work inside the record", "Ask the owner before anything reaches outside", "Never quote a price without its date."]}, "add-a-page": {"pass": true, "ran": [["Launch", "ok"], ["Compose", "ok"]], "live_versions": 2, "asks": [["finding", "Audit found: Monsoon is given as June to August, and the page says the coracle f"]]}, "stop-mid-run": {"pass": true, "words": ["request", "filed", "filed", "filed", "live", "request", "stopped", "started"]}}, "engines": [["Scout", "Brief", "Sources", "model"], ["Extract", "Sources", "Facts", "model"], ["Compose", "Facts", "Pages", "model"], ["Launch", "Pages", "Live site", "model"]], "artifacts": {"Brief": 3, "Sources": 2, "Facts": 2, "Pages": 2, "Live site": 2}, "live": true, "recent": [["Identity", "ok", "started by the owner: every engine looks to its own triggers"], ["Identity", "ok", "stopped by the owner: every engine stops"], ["Identity", "running", "Judge it against the go
exit 0
